warning: unused import: `reqwest::Error as ReqwestError`
 --> src/error.rs:5:5
  |
5 | use reqwest::Error as ReqwestError;
  |     ^^^^^^^^^^^^^^^^^^^^^^^^^^^^^^
  |
  = note: `#[warn(unused_imports)]` on by default

warning: `health-bridge` (lib) generated 1 warning (run `cargo fix --lib -p health-bridge` to apply 1 suggestion)
    Checking health-bridge v0.1.0 (/Users/justin/Projects/hb)
warning: unused import: `tracing::info`
 --> src/handlers/specialists.rs:6:5
  |
6 | use tracing::info;
  |     ^^^^^^^^^^^^^

warning: unused import: `crate::schema::specialists`
  --> src/handlers/specialists.rs:11:5
   |
11 | use crate::schema::specialists;
   |     ^^^^^^^^^^^^^^^^^^^^^^^^^^

warning: unused import: `tracing::info`
 --> src/handlers/patients.rs:5:5
  |
5 | use tracing::info;
  |     ^^^^^^^^^^^^^

warning: unused import: `AppointmentStatusEnum`
   --> src/hospitals/service.rs:550:31
    |
550 |     use crate::utils::enums::{AppointmentStatusEnum, RequestStatusTypeEnum};
    |                               ^^^^^^^^^^^^^^^^^^^^^

warning: unused imports: `error` and `info`
 --> src/hospitals/appointments.rs:4:15
  |
4 | use tracing::{error, info};
  |               ^^^^^  ^^^^

warning: unused imports: `error` and `info`
 --> src/hospitals/blood_requests.rs:6:15
  |
6 | use tracing::{error, info};
  |               ^^^^^  ^^^^

warning: unused imports: `State` and `StatusCode`
 --> src/middleware/auth.rs:2:35
  |
2 |     Extension, extract::{Request, State}, http::{StatusCode, header}, middleware::Next, response::Response
  |                                   ^^^^^          ^^^^^^^^^^

warning: unused import: `info`
 --> src/middleware/auth.rs:8:15
  |
8 | use tracing::{info};
  |               ^^^^

warning: unused import: `get`
 --> src/routes/auth.rs:7:15
  |
7 |     routing::{get, post},
  |               ^^^

warning: unused import: `delete`
 --> src/routes/appointments.rs:1:41
  |
1 | use axum::{Router, routing::{get, post, delete, put}};
  |                                         ^^^^^^

warning: unused import: `delete`
 --> src/routes/admin.rs:4:15
  |
4 |     routing::{delete, get, patch},
  |               ^^^^^^

warning: unused import: `tracing::info`
 --> src/specialists/service.rs:5:5
  |
5 | use tracing::info;
  |     ^^^^^^^^^^^^^

warning: unused import: `crate::services::mail::MailService`
  --> src/specialists/service.rs:11:5
   |
11 | use crate::services::mail::MailService;
   |     ^^^^^^^^^^^^^^^^^^^^^^^^^^^^^^^^^^

error[E0599]: no variant or associated item named `User` found for enum `Role` in the current scope
   --> src/hospitals/service.rs:364:34
    |
364 |         .filter(u::role.eq(Role::User))
    |                                  ^^^^ variant or associated item not found in `Role`
    |
   ::: src/utils/enums.rs:39:1
    |
 39 | pub enum Role {
    | ------------- variant or associated item `User` not found for this enum

error[E0308]: mismatched types
   --> src/hospitals/service.rs:418:17
    |
418 |                 user_id,
    |                 ^^^^^^^ expected `Uuid`, found `user_id`

error[E0308]: mismatched types
   --> src/hospitals/service.rs:421:17
    |
421 |                 email,
    |                 ^^^^^ expected `String`, found `email`

error[E0308]: mismatched types
   --> src/hospitals/service.rs:560:14
    |
559 |     let h_id = match hospital_id {
    |                      ----------- this expression has type `std::option::Option<uuid::Uuid>`
560 |         Some(id) => id,
    |              ^^
    |              |
    |              expected `Uuid`, found `id`
    |              `id` is interpreted as a unit struct, not a new binding
    |              help: introduce a new binding instead: `other_id`
    |
   ::: src/schema.rs:152:9
    |
152 |         id -> DieselUuid,
    |         -- unit struct defined here

error[E0271]: type mismatch resolving `<table as AppearsInFromClause<table>>::Count == Once`
    --> src/hospitals/service.rs:572:46
     |
 572 |         .load::<crate::models::BloodRequest>(conn)?;
     |          ----                                ^^^^ expected `Once`, found `Never`
     |          |
     |          required by a bound introduced by this call
     |
note: required for `schema::hospitals::columns::id` to implement `AppearsOnTable<schema::blood_requests::table>`
    --> src/schema.rs:152:9
     |
 152 |         id -> DieselUuid,
     |         ^^
     = note: associated types for the current `impl` cannot be restricted in `where` clauses
     = note: 4 redundant requirements hidden
     = note: required for `Grouped<And<Grouped<Eq<hospital_id, id>>, Grouped<Gt<..., ...>>>>` to implement `AppearsOnTable<schema::blood_requests::table>`
     = note: required for `WhereClause<Grouped<And<Grouped<Eq<hospital_id, id>>, Grouped<...>>>>` to implement `query_builder::where_clause::ValidWhereClause<FromClause<schema::blood_requests::table>>`
     = note: required for `SelectStatement<FromClause<table>, DefaultSelectClause<...>, ..., ...>` to implement `diesel::query_builder::Query`
     = note: required for `SelectStatement<FromClause<table>, DefaultSelectClause<...>, ..., ...>` to implement `LoadQuery<'_, _, BloodRequest>`
note: required by a bound in `diesel::RunQueryDsl::load`
    --> /Users/justin/.cargo/registry/src/index.crates.io-1949cf8c6b5b557f/diesel-2.3.4/src/query_dsl/mod.rs:1592:15
     |
1590 |     fn load<'query, U>(self, conn: &mut Conn) -> QueryResult<Vec<U>>
     |        ---- required by a bound in this associated function
1591 |     where
1592 |         Self: LoadQuery<'query, Conn, U>,
     |               ^^^^^^^^^^^^^^^^^^^^^^^^^^ required by this bound in `RunQueryDsl::load`
     = note: the full name for the type has been written to '/Users/justin/Projects/hb/target/debug/deps/health_bridge-e292e03b24758f6b.long-type-8244919348620082789.txt'
     = note: consider using `--verbose` to print the full type name to the console
     = note: this error originates in the macro `diesel::table` (in Nightly builds, run with -Z macro-backtrace for more info)

error[E0369]: binary operation `==` cannot be applied to type `std::option::Option<RequestStatusTypeEnum>`
   --> src/hospitals/service.rs:575:31
    |
575 |         if req.request_status == Some(RequestStatusTypeEnum::Completed) {
    |            ------------------ ^^ -------------------------------------- std::option::Option<RequestStatusTypeEnum>
    |            |
    |            std::option::Option<RequestStatusTypeEnum>
    |
note: an implementation of `PartialEq` might be missing for `RequestStatusTypeEnum`
   --> src/utils/enums.rs:169:1
    |
169 | pub enum RequestStatusTypeEnum {
    | ^^^^^^^^^^^^^^^^^^^^^^^^^^^^^^ must implement `PartialEq`
help: consider annotating `RequestStatusTypeEnum` with `#[derive(PartialEq)]`
   --> src/utils/enums.rs:169:1
    |
169 + #[derive(PartialEq)]
170 | pub enum RequestStatusTypeEnum {
    |

error[E0609]: no field `updated_at` on type `BloodRequest`
   --> src/hospitals/service.rs:580:32
    |
580 |                 timestamp: req.updated_at.unwrap_or(req.created_at), // Assuming updated_at exists or fallback to created_at
    |                                ^^^^^^^^^^ unknown field
    |
help: a field with a similar name exists
    |
580 -                 timestamp: req.updated_at.unwrap_or(req.created_at), // Assuming updated_at exists or fallback to created_at
580 +                 timestamp: req.donated_at.unwrap_or(req.created_at), // Assuming updated_at exists or fallback to created_at
    |

error[E0369]: binary operation `==` cannot be applied to type `std::option::Option<RequestStatusTypeEnum>`
   --> src/hospitals/service.rs:582:38
    |
582 |         } else if req.request_status == Some(RequestStatusTypeEnum::Cancelled) {
    |                   ------------------ ^^ -------------------------------------- std::option::Option<RequestStatusTypeEnum>
    |                   |
    |                   std::option::Option<RequestStatusTypeEnum>
    |
note: an implementation of `PartialEq` might be missing for `RequestStatusTypeEnum`
   --> src/utils/enums.rs:169:1
    |
169 | pub enum RequestStatusTypeEnum {
    | ^^^^^^^^^^^^^^^^^^^^^^^^^^^^^^ must implement `PartialEq`
help: consider annotating `RequestStatusTypeEnum` with `#[derive(PartialEq)]`
   --> src/utils/enums.rs:169:1
    |
169 + #[derive(PartialEq)]
170 | pub enum RequestStatusTypeEnum {
    |

error[E0271]: type mismatch resolving `<table as AppearsInFromClause<table>>::Count == Once`
    --> src/hospitals/service.rs:596:45
     |
 596 |         .load::<crate::models::Appointment>(conn)?;
     |          ----                               ^^^^ expected `Once`, found `Never`
     |          |
     |          required by a bound introduced by this call
     |
note: required for `schema::hospitals::columns::id` to implement `AppearsOnTable<schema::appointments::table>`
    --> src/schema.rs:152:9
     |
 152 |         id -> DieselUuid,
     |         ^^
     = note: associated types for the current `impl` cannot be restricted in `where` clauses
     = note: 4 redundant requirements hidden
     = note: required for `Grouped<And<Grouped<Eq<hospital_id, id>>, Grouped<Gt<..., ...>>>>` to implement `AppearsOnTable<schema::appointments::table>`
     = note: required for `WhereClause<Grouped<And<Grouped<Eq<hospital_id, id>>, Grouped<...>>>>` to implement `query_builder::where_clause::ValidWhereClause<FromClause<schema::appointments::table>>`
     = note: required for `SelectStatement<FromClause<table>, DefaultSelectClause<...>, ..., ...>` to implement `diesel::query_builder::Query`
     = note: required for `SelectStatement<FromClause<table>, DefaultSelectClause<...>, ..., ...>` to implement `LoadQuery<'_, _, Appointment>`
note: required by a bound in `diesel::RunQueryDsl::load`
    --> /Users/justin/.cargo/registry/src/index.crates.io-1949cf8c6b5b557f/diesel-2.3.4/src/query_dsl/mod.rs:1592:15
     |
1590 |     fn load<'query, U>(self, conn: &mut Conn) -> QueryResult<Vec<U>>
     |        ---- required by a bound in this associated function
1591 |     where
1592 |         Self: LoadQuery<'query, Conn, U>,
     |               ^^^^^^^^^^^^^^^^^^^^^^^^^^ required by this bound in `RunQueryDsl::load`
     = note: the full name for the type has been written to '/Users/justin/Projects/hb/target/debug/deps/health_bridge-e292e03b24758f6b.long-type-14350944583392443035.txt'
     = note: consider using `--verbose` to print the full type name to the console
     = note: this error originates in the macro `diesel::table` (in Nightly builds, run with -Z macro-backtrace for more info)

error[E0271]: type mismatch resolving `<table as AppearsInFromClause<table>>::Count == Once`
    --> src/hospitals/service.rs:610:56
     |
 610 |         .load::<crate::models::HospitalBloodInventory>(conn)?;
     |          ----                                          ^^^^ expected `Once`, found `Never`
     |          |
     |          required by a bound introduced by this call
     |
note: required for `schema::hospitals::columns::id` to implement `AppearsOnTable<schema::hospital_blood_inventories::table>`
    --> src/schema.rs:152:9
     |
 152 |         id -> DieselUuid,
     |         ^^
     = note: associated types for the current `impl` cannot be restricted in `where` clauses
     = note: 2 redundant requirements hidden
     = note: required for `Grouped<Eq<hospital_id, id>>` to implement `AppearsOnTable<schema::hospital_blood_inventories::table>`
     = note: required for `WhereClause<Grouped<Eq<hospital_id, id>>>` to implement `query_builder::where_clause::ValidWhereClause<FromClause<schema::hospital_blood_inventories::table>>`
     = note: required for `SelectStatement<FromClause<table>, DefaultSelectClause<...>, ..., ...>` to implement `diesel::query_builder::Query`
     = note: required for `SelectStatement<FromClause<table>, DefaultSelectClause<...>, ..., ...>` to implement `LoadQuery<'_, _, HospitalBloodInventory>`
note: required by a bound in `diesel::RunQueryDsl::load`
    --> /Users/justin/.cargo/registry/src/index.crates.io-1949cf8c6b5b557f/diesel-2.3.4/src/query_dsl/mod.rs:1592:15
     |
1590 |     fn load<'query, U>(self, conn: &mut Conn) -> QueryResult<Vec<U>>
     |        ---- required by a bound in this associated function
1591 |     where
1592 |         Self: LoadQuery<'query, Conn, U>,
     |               ^^^^^^^^^^^^^^^^^^^^^^^^^^ required by this bound in `RunQueryDsl::load`
     = note: the full name for the type has been written to '/Users/justin/Projects/hb/target/debug/deps/health_bridge-e292e03b24758f6b.long-type-14242936302822902928.txt'
     = note: consider using `--verbose` to print the full type name to the console
     = note: this error originates in the macro `diesel::table` (in Nightly builds, run with -Z macro-backtrace for more info)

warning: unused import: `diesel::prelude`
 --> src/handlers/specialists.rs:4:5
  |
4 | use diesel::prelude::*;
  |     ^^^^^^^^^^^^^^^

warning: unused import: `diesel::associations::HasTable`
 --> src/hospitals/blood_requests.rs:3:5
  |
3 | use diesel::associations::HasTable;
  |     ^^^^^^^^^^^^^^^^^^^^^^^^^^^^^^

warning: unused variable: `token`
   --> src/auth/service.rs:223:5
    |
223 |     token: &str,
    |     ^^^^^ help: if this is intentional, prefix it with an underscore: `_token`
    |
    = note: `#[warn(unused_variables)]` on by default

warning: unused variable: `token`
   --> src/auth/service.rs:239:5
    |
239 |     token: &str,
    |     ^^^^^ help: if this is intentional, prefix it with an underscore: `_token`

warning: unused variable: `hospital_id`
   --> src/hospitals/appointments.rs:290:5
    |
290 |     hospital_id: Uuid,
    |     ^^^^^^^^^^^ help: if this is intentional, prefix it with an underscore: `_hospital_id`

warning: unused variable: `user_id`
   --> src/specialists/service.rs:368:5
    |
368 |     user_id: Uuid,
    |     ^^^^^^^ help: if this is intentional, prefix it with an underscore: `_user_id`

warning: unused variable: `user`
   --> src/specialists/service.rs:369:5
    |
369 |     user: &User,
    |     ^^^^ help: if this is intentional, prefix it with an underscore: `_user`

Some errors have detailed explanations: E0271, E0308, E0369, E0599, E0609.
For more information about an error, try `rustc --explain E0271`.
warning: `health-bridge` (bin "health-bridge") generated 21 warnings (1 duplicate)
error: could not compile `health-bridge` (bin "health-bridge") due to 10 previous errors; 21 warnings emitted
