    Checking health-bridge v0.1.0 (/Users/justin/Projects/hb)
error[E0531]: cannot find tuple struct or tuple variant `Query` in this scope
   --> src/handlers/referrals.rs:202:5
    |
202 |     Query(query): Query<PointCalculatorQuery>,
    |     ^^^^^ not found in this scope
    |
help: consider importing one of these items
    |
  1 + use axum::extract::Query;
    |
  1 + use utoipa::openapi::security::ApiKey::Query;
    |

error[E0425]: cannot find type `Query` in this scope
   --> src/handlers/referrals.rs:202:19
    |
202 |     Query(query): Query<PointCalculatorQuery>,
    |                   ^^^^^ not found in this scope
    |
help: consider importing one of these items
    |
  1 + use axum::extract::Query;
    |
  1 + use diesel::query_builder::Query;
    |

warning: unused imports: `appointments`, `hospital_blood_inventories`, and `specialties`
 --> src/admin/dashboard.rs:6:5
  |
6 |     appointments, blood_requests, hospital_blood_inventories, hospitals, specialists, specialties,
  |     ^^^^^^^^^^^^                  ^^^^^^^^^^^^^^^^^^^^^^^^^^                          ^^^^^^^^^^^
  |
  = note: `#[warn(unused_imports)]` (part of `#[warn(unused)]`) on by default

warning: unused imports: `AppConfig` and `ReferralReward`
  --> src/handlers/appointments.rs:20:22
   |
20 |         Appointment, AppConfig, ConsultationPackage, ReferralReward, NewReferralReward, User,
   |                      ^^^^^^^^^                       ^^^^^^^^^^^^^^

warning: unused imports: `consultation_benefits`, `consultation_type_benefits`, and `consultation_types`
  --> src/handlers/admin_consultations.rs:12:14
   |
12 |     schema::{consultation_types, consultation_benefits, consultation_type_benefits},
   |              ^^^^^^^^^^^^^^^^^^  ^^^^^^^^^^^^^^^^^^^^^  ^^^^^^^^^^^^^^^^^^^^^^^^^^

error[E0277]: the trait bound `BigDecimal: ToSchema` is not satisfied
   --> src/handlers/appointments.rs:103:23
    |
103 |     pub original_fee: BigDecimal,
    |                       ^^^^^^^^^^ the trait `ToSchema` is not implemented for `BigDecimal`
    |
    = help: the following other types implement trait `ToSchema`:
              &'t [T]
              &'t mut [T]
              &str
              ()
              ActionTypeEnum
              AddBankAccountRequest
              AdminActivity
              AdminDashboardResponse
            and 232 others

error[E0277]: the trait bound `BigDecimal: PartialSchema` is not satisfied
   --> src/handlers/appointments.rs:103:23
    |
103 |     pub original_fee: BigDecimal,
    |                       ^^^^^^^^^^ the trait `ComposeSchema` is not implemented for `BigDecimal`
    |
    = help: the following other types implement trait `ComposeSchema`:
              &[T]
              &mut [T]
              &str
              ActionTypeEnum
              AddBankAccountRequest
              AdminActivity
              AdminDashboardResponse
              AdminHospitalProfileResponse
            and 231 others
    = note: required for `BigDecimal` to implement `PartialSchema`
note: required by a bound in `utoipa::ToSchema::name`
   --> /Users/justin/.cargo/registry/src/index.crates.io-1949cf8c6b5b557f/utoipa-5.4.0/src/lib.rs:374:21
    |
374 | pub trait ToSchema: PartialSchema {
    |                     ^^^^^^^^^^^^^ required by this bound in `ToSchema::name`
...
405 |     fn name() -> Cow<'static, str> {
    |        ---- required by a bound in this associated function

error[E0277]: the trait bound `BigDecimal: ToSchema` is not satisfied
   --> src/handlers/appointments.rs:104:19
    |
104 |     pub discount: BigDecimal,
    |                   ^^^^^^^^^^ the trait `ToSchema` is not implemented for `BigDecimal`
    |
    = help: the following other types implement trait `ToSchema`:
              &'t [T]
              &'t mut [T]
              &str
              ()
              ActionTypeEnum
              AddBankAccountRequest
              AdminActivity
              AdminDashboardResponse
            and 232 others

error[E0277]: the trait bound `BigDecimal: PartialSchema` is not satisfied
   --> src/handlers/appointments.rs:104:19
    |
104 |     pub discount: BigDecimal,
    |                   ^^^^^^^^^^ the trait `ComposeSchema` is not implemented for `BigDecimal`
    |
    = help: the following other types implement trait `ComposeSchema`:
              &[T]
              &mut [T]
              &str
              ActionTypeEnum
              AddBankAccountRequest
              AdminActivity
              AdminDashboardResponse
              AdminHospitalProfileResponse
            and 231 others
    = note: required for `BigDecimal` to implement `PartialSchema`
note: required by a bound in `utoipa::ToSchema::name`
   --> /Users/justin/.cargo/registry/src/index.crates.io-1949cf8c6b5b557f/utoipa-5.4.0/src/lib.rs:374:21
    |
374 | pub trait ToSchema: PartialSchema {
    |                     ^^^^^^^^^^^^^ required by this bound in `ToSchema::name`
...
405 |     fn name() -> Cow<'static, str> {
    |        ---- required by a bound in this associated function

error[E0277]: the trait bound `BigDecimal: ToSchema` is not satisfied
   --> src/handlers/appointments.rs:105:24
    |
105 |     pub total_payable: BigDecimal,
    |                        ^^^^^^^^^^ the trait `ToSchema` is not implemented for `BigDecimal`
    |
    = help: the following other types implement trait `ToSchema`:
              &'t [T]
              &'t mut [T]
              &str
              ()
              ActionTypeEnum
              AddBankAccountRequest
              AdminActivity
              AdminDashboardResponse
            and 232 others

error[E0277]: the trait bound `BigDecimal: PartialSchema` is not satisfied
   --> src/handlers/appointments.rs:105:24
    |
105 |     pub total_payable: BigDecimal,
    |                        ^^^^^^^^^^ the trait `ComposeSchema` is not implemented for `BigDecimal`
    |
    = help: the following other types implement trait `ComposeSchema`:
              &[T]
              &mut [T]
              &str
              ActionTypeEnum
              AddBankAccountRequest
              AdminActivity
              AdminDashboardResponse
              AdminHospitalProfileResponse
            and 231 others
    = note: required for `BigDecimal` to implement `PartialSchema`
note: required by a bound in `utoipa::ToSchema::name`
   --> /Users/justin/.cargo/registry/src/index.crates.io-1949cf8c6b5b557f/utoipa-5.4.0/src/lib.rs:374:21
    |
374 | pub trait ToSchema: PartialSchema {
    |                     ^^^^^^^^^^^^^ required by this bound in `ToSchema::name`
...
405 |     fn name() -> Cow<'static, str> {
    |        ---- required by a bound in this associated function

warning: unused import: `diesel::prelude`
 --> src/handlers/admin_consultations.rs:2:5
  |
2 | use diesel::prelude::*;
  |     ^^^^^^^^^^^^^^^

warning: unused import: `diesel::associations::HasTable`
 --> src/hospitals/blood_requests.rs:3:5
  |
3 | use diesel::associations::HasTable;
  |     ^^^^^^^^^^^^^^^^^^^^^^^^^^^^^^

warning: unreachable pattern
   --> src/hospitals/appointments.rs:305:9
    |
305 |         _ => return Err(AppError::Unauthorized("Invalid role".into())),
    |         ^ no value can reach this
    |
note: multiple earlier patterns match some of the same values
   --> src/hospitals/appointments.rs:305:9
    |
293 |         Role::Hospital => assert_hospital_owns_appointment(conn, appointment_id, user.id)?,
    |         -------------- matches some of the same values
294 |         Role::Donor | Role::Patient | Role::PatientDonor => {
    |         ------------------------------------------------ matches some of the same values
...
297 |         Role::Specialist => assert_specialist_owns_appointment(conn, appointment_id, user.id)?,
    |         ---------------- matches some of the same values
298 |         Role::Admin => {
    |         ----------- matches some of the same values
...
305 |         _ => return Err(AppError::Unauthorized("Invalid role".into())),
    |         ^ collectively making this unreachable
    = note: `#[warn(unreachable_patterns)]` (part of `#[warn(unused)]`) on by default

Some errors have detailed explanations: E0277, E0425, E0531.
For more information about an error, try `rustc --explain E0277`.
warning: `health-bridge` (bin "health-bridge") generated 6 warnings
error: could not compile `health-bridge` (bin "health-bridge") due to 14 previous errors; 6 warnings emitted
